../Core/Src/stm32f4xx_hal_msp.c:64:6:HAL_MspInit	16	static
../Core/Src/stm32f4xx_hal_msp.c:86:6:HAL_CRC_MspInit	24	static
../Core/Src/stm32f4xx_hal_msp.c:108:6:HAL_CRC_MspDeInit	16	static
../Core/Src/stm32f4xx_hal_msp.c:130:6:HAL_DMA2D_MspInit	24	static
../Core/Src/stm32f4xx_hal_msp.c:155:6:HAL_DMA2D_MspDeInit	16	static
../Core/Src/stm32f4xx_hal_msp.c:180:6:HAL_I2C_MspInit	48	static
../Core/Src/stm32f4xx_hal_msp.c:224:6:HAL_I2C_MspDeInit	16	static
../Core/Src/stm32f4xx_hal_msp.c:255:6:HAL_LTDC_MspInit	112	static
../Core/Src/stm32f4xx_hal_msp.c:382:6:HAL_LTDC_MspDeInit	16	static
../Core/Src/stm32f4xx_hal_msp.c:446:6:HAL_SPI_MspInit	48	static
../Core/Src/stm32f4xx_hal_msp.c:483:6:HAL_SPI_MspDeInit	16	static
../Core/Src/stm32f4xx_hal_msp.c:513:6:HAL_TIM_Base_MspInit	24	static
../Core/Src/stm32f4xx_hal_msp.c:535:6:HAL_TIM_Base_MspDeInit	16	static
../Core/Src/stm32f4xx_hal_msp.c:557:6:HAL_UART_MspInit	48	static
../Core/Src/stm32f4xx_hal_msp.c:593:6:HAL_UART_MspDeInit	16	static
../Core/Src/stm32f4xx_hal_msp.c:618:13:HAL_FMC_MspInit	32	static
../Core/Src/stm32f4xx_hal_msp.c:724:6:HAL_SDRAM_MspInit	16	static
../Core/Src/stm32f4xx_hal_msp.c:736:13:HAL_FMC_MspDeInit	8	static
../Core/Src/stm32f4xx_hal_msp.c:810:6:HAL_SDRAM_MspDeInit	16	static
